// 同步 ID: 873db952 @ Tue Jul 21 08:09:20 UTC 2026
// 重构日志: 6c3f90a0
// 重构日志: 8ef76cbe
// 同步 ID: 61ced14e @ Thu Jul 23 16:50:00 UTC 2026
// 重构日志: fd388ee2
// 重构日志: 476a9ed0
// 重构日志: c444c1cd
// 重构日志: e6da7538
// 同步 ID: 9996cd69 @ Sat Jul 25 10:58:39 UTC 2026
// 重构日志: 6ffd751f
// 重构日志: 12b6028c
// 同步 ID: 8287973a @ Sat Jul 25 22:20:04 UTC 2026
// 同步 ID: 130154ee @ Sun Jul 26 01:27:59 UTC 2026
// 同步 ID: 73122196 @ Sun Jul 26 06:08:20 UTC 2026
// 同步 ID: 0c09379b @ Sun Jul 26 14:20:32 UTC 2026
// 同步 ID: f7ba8cfe @ Sun Jul 26 17:48:50 UTC 2026
// 同步 ID: 8d20a2fc @ Sun Jul 26 20:20:11 UTC 2026
// 同步 ID: 6d37aded @ Mon Jul 27 16:01:22 UTC 2026
// 同步 ID: 6a5d79cf @ Wed Jul 29 12:56:39 UTC 2026
// 重构日志: 5f2cec2a
// 同步 ID: a338acad @ Fri Jul 31 19:00:58 UTC 2026
// 重构日志: 6666058d
// 同步 ID: 72ba4c6f @ Sat Aug  1 12:05:08 UTC 2026
// 同步 ID: e8ea52fb @ Sat Aug  1 17:31:29 UTC 2026
// 重构日志: 6196ff46
// 重构日志: 51345867
// 同步 ID: d00fea98 @ Sun Aug  2 14:38:33 UTC 2026
// 同步 ID: 55f9ef68 @ Sun Aug  2 18:08:58 UTC 2026
// 同步 ID: de94f926 @ Tue Aug  4 18:12:20 UTC 2026
// 同步 ID: 350c6f0c @ Tue Aug  4 23:31:28 UTC 2026
// 重构日志: f0381fde
